reference: /home/bdml/Desktop/umi_underwater_robust_control/rov_gui/tests/data/dp_policy_ref.npz
  written with torch 2.9.1+cu128 from /home/bdml/Desktop/universal_manipulation_interface/data/outputs/2026.09.07/11.37.47_train_diffusion_transformer_timm_umi_depth_5d/checkpoints/epoch=0195-train_loss=0.028.ckpt
  ckpt sha1 head 794bb0eeba48, seed 0, steps 16, timesteps [45, 42, 39, 36, 33, 30, 27, 24, 21, 18, 15, 12, 9, 6, 3, 0]
  DP policy: loading selected.ckpt (identity transforms, 16 DDIM steps)
  DP policy: flying state_dicts.model (NOT the ema_model that selected.json names) — the record must not be pooled with ema_model runs
  DP policy ready in 1.6 s (warm-up 136 ms, 106 tokens, sha1 794bb0eeba48, action pos_yaw_width (16, 5), epoch 195, obs_dt 66.7 ms from dataset zip .zattrs)

station: torch 2.11.0+cu128, diffusers 0.40.0, timm 1.0.29, device cuda
  ok     weights                            station 'model' vs ref 'model'
  ok     checkpoint sha1 head               794bb0eeba48 vs ref 794bb0eeba48
  ok     DDIM timesteps                     [45, 42, 39, 36, 33, 30, 27, 24, 21, 18, 15, 12, 9, 6, 3, 0]
  ok     action contract                    station dim 5 'pos_yaw_width' vs ref dim 5 pos_yaw_width
  ok     normalize camera0_depth            max|diff| 0.00e+00
  ok     normalize robot0_eef_pos           max|diff| 0.00e+00
  ok     normalize robot0_eef_rot_axis_angle max|diff| 0.00e+00
  ok     normalize robot0_gripper_width     max|diff| 0.00e+00
  ok     normalize robot0_eef_rot_axis_angle_wrt_start max|diff| 0.00e+00
  ok     encoder tokens                     (1, 106, 768) max|diff| 3.13e-03 (tol 0.005, TF32 floor; see (*))
  agree  tokens vs fp64 CPU (noise floor)   ref-fp64 2.22e-03, station-fp64 3.27e-03
  ok     denoiser eps0 (ref tokens)         max|diff| 0.00e+00 (tol 0.001)
  ok     denoiser eps0 (own tokens)         max|diff| 3.20e-05 (tol 0.001)
  ok     DDIM step0 (ref eps0)              max|diff| 0.00e+00 (tol 0.001)
  agree  randn stream (seed) vs reference   identical
  agree  full seeded sample (action)        max|diff| 1.31e-05 m/rad/m, 23.5 ms
  agree  full seeded sample (nsample)       max|diff| 2.11e-04
  ok     center: two predicts identical     max|diff| 0.00e+00, 22.9 / 22.9 ms
  agree  center: unseeded predict differs   max|diff| vs seeded 2.11e-02 (diffusion noise; informational)

RESULT: PARITY — deterministic stages agree within tolerance
